Wiceminister rozwoju Jadwiga Emilewicz spotyka się z wiceministrem energii Grzegorzem Tobiszowskim. Temat: walka ze smogiem. Resort energii nie chce się zgodzić na tzw. certyfikaty dla węgla. Emilewicz łagodnie przekonuje i tłumaczy. Tobiszowski jest niewzruszony, po swojej stronie ma tysiące górników. Jednak Emilewicz wychodzi ze spotkania i mówi: - Będą certyfikaty i koniec. Po dwóch miesiącach resort energii odpuszcza. - Bo Emilewicz nie daje sobie w kaszę dmuchać - mówią jej koledzy. Gdy w niedzielę Ryszard Terlecki na Twitterze napisał, że kandydatura Emilewicz na prezydenta Krakowa (zgłoszona przez Jarosława Gowina) nie została uzgodniona z PiS, zareagowała błyskawicznie: „Uzgodnienia czas zacząć. Zgodzimy się przecież, że epoka brodatych prof. w krakowskim magistracie dobiega końca:)". Mógł to być przytyk do Terleckiego, który bez powodzenia startował na prezydenta, ale też delikatna aluzja do rządzącego czwartą kadencję Jacka Majchrowskiego. Nie kryje własnego zdania. Poparła prezydenckie weto ustaw o SN i KRS. Zrobiła to zarówno wbrew Jarosławowi Kaczyńskiemu, od którego raczej się dystansuje, jak i wbrew bezpośredniemu przełożonemu - Mateuszowi Morawieckiemu. W 2014 r. stanęła na czele małopolskich struktur Polski Razem Jarosława Gowina, w 2015 r. została wiceprezesem partii, a potem wiceministrem rozwoju. Jej konik to innowacyjnośc, start-upy i walka ze smogiem. - Jestem z Krakowa i nie mogę udawać, że problemu nie ma - powtarza Emilewicz. Pod Wawelem z wyróżnieniem skończyła liceum, a potem politologię na Uniwersytecie Jagiellońskim. - Jest trochę typem kujona, ale z dystansem do siebie - mówi jej współpracownik.
